// Jest Snapshot v1, https://goo.gl/fbAQLP

exports[`CharacterList component renders a list of characters 1`] = `
<DocumentFragment>
  <ul
    class="list"
    data-testid="characters"
  >
    <li>
      <a
        href="/characters/2"
      >
        <figure>
          <img
            alt="Ari"
            src="www.url.com"
          />
          <figcaption>
            Ari
          </figcaption>
        </figure>
      </a>
    </li>
  </ul>
</DocumentFragment>
`;
