// Jest Snapshot v1, https://goo.gl/fbAQLP

exports[`Header component renders a header 1`] = `
<DocumentFragment>
  <div
    class="Header light"
  >
    <h1
      class="title"
    >
      Last Airbender
    </h1>
    <span
      class="linkcontainer"
    >
      <div
        class="headerbuttons"
      >
        <label
          for="toggle"
        >
          Theme Toggler
          <input
            id="toggle"
            type="checkbox"
          />
        </label>
        <a
          class="homelink"
          href="/"
        >
          Home
        </a>
      </div>
    </span>
  </div>
</DocumentFragment>
`;
